[railwayjobonline.in/index.html]
[backblue.gif]
[fade.gif]
[index.html]
[railwayjobonline.in/css/style.css]
[railwayjobonline.in/css/bootstrap.min.css]
[railwayjobonline.in/css/carouseller.css]
[railwayjobonline.in/register-form.html]
[railwayjobonline.in/login.html]
[railwayjobonline.in/images/logo.png]
[railwayjobonline.in/about-us.html]
[railwayjobonline.in/international-recruitment.html]
[railwayjobonline.in/job-available.html]
[railwayjobonline.in/job-place.html]
[railwayjobonline.in/contact-us.html]
[railwayjobonline.in/images/slider1.jpg]
[railwayjobonline.in/images/slider2.jpg]
[railwayjobonline.in/images/aboutus.jpg]
[railwayjobonline.in/images/customer1.jpg]
[railwayjobonline.in/images/customer3.jpg]
[railwayjobonline.in/images/customer7.jpg]
[railwayjobonline.in/General_terms_condition_25sep18.1b.delayed]
[railwayjobonline.in/js/bootstrap.min.js]
[railwayjobonline.in/js/jquery-3.3.1.min.js]
[railwayjobonline.in/js/custom.js]
[railwayjobonline.in/js/carouseller.min.js]
[railwayjobonline.in/js/jquery-2.1.1.min.js]
[railwayjobonline.in/index.html]
[railwayjobonline.in/images/border.jpg]
[railwayjobonline.in/images/services-bg.jpg]
[railwayjobonline.in/extra-images/jogdetail-subheader-bg.26.delayed]
[railwayjobonline.in/images/rating-star.html]
[railwayjobonline.in/css/style.css]
[railwayjobonline.in/css/bootstrap.min.css]
[railwayjobonline.in/css/carouseller.css]
[railwayjobonline.in/register-form.html]
[railwayjobonline.in/login.html]
[use.fontawesome.com/releases/v5.3.1/css/all.css]
[railwayjobonline.in/images/about2.jpg]
[railwayjobonline.in/images/about3.jpg]
[railwayjobonline.in/about-us.html]
[railwayjobonline.in/images/international-airline.jpg]
[railwayjobonline.in/indian-recruitment.html]
[railwayjobonline.in/international-recruitment.html]
[railwayjobonline.in/images/job-banner.jpg]
[railwayjobonline.in/images/hostess.jpg]
[railwayjobonline.in/job-available.html]
[railwayjobonline.in/images/airport/air1.jpg]
[railwayjobonline.in/images/airport/air3.jpg]
[railwayjobonline.in/images/airport/air5.jpg]
[railwayjobonline.in/images/airport/air7.jpg]
[railwayjobonline.in/images/airport/air8.jpg]
[railwayjobonline.in/images/airport/air10.jpg]
[railwayjobonline.in/images/airport/air11.jpg]
[railwayjobonline.in/job-place.html]
[railwayjobonline.in/contact-us.html]
[railwayjobonline.in/images/customer2.jpg]
[railwayjobonline.in/images/customer5.jpg]
[railwayjobonline.in/images/customer8.jpg]
[railwayjobonline.in/General_terms_condition_25sep18.html]
[railwayjobonline.in/js/jquery-3.3.1.min.js]
[railwayjobonline.in/js/bootstrap.min.js]
[railwayjobonline.in/js/custom.js]
[railwayjobonline.in/js/carouseller.min.js]
[railwayjobonline.in/js/jquery-2.1.1.min.js]
[railwayjobonline.in/extra-images/jogdetail-subheader-bg.html]
[railwayjobonline.in/images/rating-star.html]
[railwayjobonline.in/use.fontawesome.com/releases/v5.3.1/css/all.css]
[use.fontawesome.com/releases/v5.3.1/css/all.css]
[railwayjobonline.in/indian-recruitment.html]
[railwayjobonline.in/css/slider.css]
[railwayjobonline.in/images/about1.jpg]
[railwayjobonline.in/images/airline.jpg]
[railwayjobonline.in/images/airport/air2.jpg]
[railwayjobonline.in/images/mp-airport.jpg]
[railwayjobonline.in/images/airport/air6.jpg]
[railwayjobonline.in/images/contact-us2.jpg]
[railwayjobonline.in/images/customer4.jpg]
[railwayjobonline.in/images/customer6.jpg]
[railwayjobonline.in/popper.js]
[railwayjobonline.in/js/flickerplate.min.js]
[railwayjobonline.in/css/include/footer.css]
[railwayjobonline.in/images/arrow-left-light.png]
[railwayjobonline.in/images/arrow-right-light.png]
[railwayjobonline.in/css/slider.css]
[railwayjobonline.in/images/contact-us2.jpg]
[railwayjobonline.in/location.html]
[railwayjobonline.in/popper.js]
[railwayjobonline.in/js/flickerplate.min.js]
[railwayjobonline.in/css/include/header.css]
[railwayjobonline.in/images/arrow-left-dark.html]
[railwayjobonline.in/images/arrow-right-dark.html]
[railwayjobonline.in/images/airport/air4.jpg]
[railwayjobonline.in/images/airport/air9.jpg]
